Determining if the prototype qsort_r exists for HAVE_QSORT_R_BSD passed with the following output:
Change Dir: '/Users/paulbloch/Kechimyaku/kechimyaku/vendor/bundle/ruby/2.7.0/gems/rugged-0.99.0/vendor/libgit2/build/CMakeFiles/CMakeTmp'

Run Build Command(s): /opt/homebrew/bin/cmake -E env VERBOSE=1 /usr/bin/make -f Makefile cmTC_f1284/fast
/Applications/Xcode.app/Contents/Developer/usr/bin/make  -f CMakeFiles/cmTC_f1284.dir/build.make CMakeFiles/cmTC_f1284.dir/build
Building C object CMakeFiles/cmTC_f1284.dir/CheckPrototypeDefinition.c.o
/usr/bin/cc   -D_GNU_SOURCE -fPIC -Wall -Wextra -Wdocumentation -Wno-missing-field-initializers -Wstrict-aliasing -Wstrict-prototypes -Wdeclaration-after-statement -Wshift-count-overflow -Wunused-const-variable -Wunused-function -Wint-conversion -Wformat -Wformat-security  -arch arm64 -MD -MT CMakeFiles/cmTC_f1284.dir/CheckPrototypeDefinition.c.o -MF CMakeFiles/cmTC_f1284.dir/CheckPrototypeDefinition.c.o.d -o CMakeFiles/cmTC_f1284.dir/CheckPrototypeDefinition.c.o -c /Users/paulbloch/Kechimyaku/kechimyaku/vendor/bundle/ruby/2.7.0/gems/rugged-0.99.0/vendor/libgit2/build/CMakeFiles/CMakeTmp/CheckPrototypeDefinition.c
/Users/paulbloch/Kechimyaku/kechimyaku/vendor/bundle/ruby/2.7.0/gems/rugged-0.99.0/vendor/libgit2/build/CMakeFiles/CMakeTmp/CheckPrototypeDefinition.c:14:20: warning: unused parameter 'base' [-Wunused-parameter]
void qsort_r(void *base, size_t nmemb, size_t size, void *thunk, int (*compar)(void *, const void *, const void *)) {
                   ^
/Users/paulbloch/Kechimyaku/kechimyaku/vendor/bundle/ruby/2.7.0/gems/rugged-0.99.0/vendor/libgit2/build/CMakeFiles/CMakeTmp/CheckPrototypeDefinition.c:14:33: warning: unused parameter 'nmemb' [-Wunused-parameter]
void qsort_r(void *base, size_t nmemb, size_t size, void *thunk, int (*compar)(void *, const void *, const void *)) {
                                ^
/Users/paulbloch/Kechimyaku/kechimyaku/vendor/bundle/ruby/2.7.0/gems/rugged-0.99.0/vendor/libgit2/build/CMakeFiles/CMakeTmp/CheckPrototypeDefinition.c:14:47: warning: unused parameter 'size' [-Wunused-parameter]
void qsort_r(void *base, size_t nmemb, size_t size, void *thunk, int (*compar)(void *, const void *, const void *)) {
                                              ^
/Users/paulbloch/Kechimyaku/kechimyaku/vendor/bundle/ruby/2.7.0/gems/rugged-0.99.0/vendor/libgit2/build/CMakeFiles/CMakeTmp/CheckPrototypeDefinition.c:14:59: warning: unused parameter 'thunk' [-Wunused-parameter]
void qsort_r(void *base, size_t nmemb, size_t size, void *thunk, int (*compar)(void *, const void *, const void *)) {
                                                          ^
/Users/paulbloch/Kechimyaku/kechimyaku/vendor/bundle/ruby/2.7.0/gems/rugged-0.99.0/vendor/libgit2/build/CMakeFiles/CMakeTmp/CheckPrototypeDefinition.c:14:72: warning: unused parameter 'compar' [-Wunused-parameter]
void qsort_r(void *base, size_t nmemb, size_t size, void *thunk, int (*compar)(void *, const void *, const void *)) {
                                                                       ^
5 warnings generated.
Linking C executable cmTC_f1284
/opt/homebrew/bin/cmake -E cmake_link_script CMakeFiles/cmTC_f1284.dir/link.txt --verbose=1
/usr/bin/cc -D_GNU_SOURCE -fPIC -Wall -Wextra -Wdocumentation -Wno-missing-field-initializers -Wstrict-aliasing -Wstrict-prototypes -Wdeclaration-after-statement -Wshift-count-overflow -Wunused-const-variable -Wunused-function -Wint-conversion -Wformat -Wformat-security  -arch arm64 -Wl,-search_paths_first -Wl,-headerpad_max_install_names CMakeFiles/cmTC_f1284.dir/CheckPrototypeDefinition.c.o -o cmTC_f1284



